// Jest Snapshot v1, https://goo.gl/fbAQLP

exports[`The DocumentPreview component: should render pagination links in DocumentPreview component when
  document count is greater than 8 1`] = `
<div
  className="row"
>
  <div
    className="row"
  >
    <div
      className="col s3"
      id="docview"
      name="docview"
    >
      <div>
        <h6
          className="center-align"
        >
          jackson goes to school
        </h6>
        <hr />
        <i
          aria-hidden="true"
          className="docicon fa fa-file-text center-align"
        />
        <br />
        <button
          id={1}
          name="read-doc"
          onClick={[Function]}
        >
          Opening
           
          <i
            aria-hidden="true"
            className="fa fa-envelope-o"
          />
        </button>
        <button
          className=""
          id={1}
          name="delete-doc"
          onClick={[Function]}
        >
          Deleting
           
          <i
            aria-hidden="true"
            className="fa fa-trash"
          />
        </button>
      </div>
    </div>
  </div>
  <div
    className="row"
  >
    <Pagination
      activePage={1}
      firstPageText="«"
      innerClass="pagination"
      itemsCountPerPage={8}
      lastPageText="»"
      nextPageText="⟩"
      onChange={[Function]}
      pageRangeDisplayed={5}
      prevPageText="⟨"
      totalItemsCount={9}
    />
  </div>
</div>
`;

exports[`The DocumentPreview component: should render the DocumentPreview component correctly 1`] = `
<div
  className="row"
>
  <div
    className="row"
  >
    <div
      className="col s3"
      id="docview"
      name="docview"
    >
      <div>
        <h6
          className="center-align"
        >
          jackson goes to school
        </h6>
        <hr />
        <i
          aria-hidden="true"
          className="docicon fa fa-file-text center-align"
        />
        <br />
        <button
          id={1}
          name="read-doc"
          onClick={[Function]}
        >
          Opening
           
          <i
            aria-hidden="true"
            className="fa fa-envelope-o"
          />
        </button>
        <button
          className="hide"
          id={1}
          name="delete-doc"
          onClick={[Function]}
        >
          Deleting
           
          <i
            aria-hidden="true"
            className="fa fa-trash"
          />
        </button>
      </div>
    </div>
  </div>
  <div
    className="row hide"
  >
    <Pagination
      activePage={1}
      firstPageText="«"
      innerClass="pagination"
      itemsCountPerPage={8}
      lastPageText="»"
      nextPageText="⟩"
      onChange={[Function]}
      pageRangeDisplayed={5}
      prevPageText="⟨"
      totalItemsCount={1}
    />
  </div>
</div>
`;

exports[`The DocumentPreview component: should render the delete button when previewing documents
  created created by me 1`] = `
<div
  className="row"
>
  <div
    className="row"
  >
    <div
      className="col s3"
      id="docview"
      name="docview"
    >
      <div>
        <h6
          className="center-align"
        >
          jackson goes to school
        </h6>
        <hr />
        <i
          aria-hidden="true"
          className="docicon fa fa-file-text center-align"
        />
        <br />
        <button
          id={1}
          name="read-doc"
          onClick={[Function]}
        >
          Opening
           
          <i
            aria-hidden="true"
            className="fa fa-envelope-o"
          />
        </button>
        <button
          className=""
          id={1}
          name="delete-doc"
          onClick={[Function]}
        >
          Deleting
           
          <i
            aria-hidden="true"
            className="fa fa-trash"
          />
        </button>
      </div>
    </div>
  </div>
  <div
    className="row hide"
  >
    <Pagination
      activePage={1}
      firstPageText="«"
      innerClass="pagination"
      itemsCountPerPage={8}
      lastPageText="»"
      nextPageText="⟩"
      onChange={[Function]}
      pageRangeDisplayed={5}
      prevPageText="⟨"
      totalItemsCount={1}
    />
  </div>
</div>
`;

exports[`The DocumentPreview component: should show error message when button[name="read-doc"] is clicked
  and an error occurred 1`] = `
<div
  className="row"
>
  <div
    className="row"
  >
    <div
      className="col s3"
      id="docview"
      name="docview"
    >
      <div>
        <h6
          className="center-align"
        >
          jackson goes to school
        </h6>
        <hr />
        <i
          aria-hidden="true"
          className="docicon fa fa-file-text center-align"
        />
        <br />
        <button
          id={1}
          name="read-doc"
          onClick={[Function]}
        >
          Read
           
          <i
            aria-hidden="true"
            className="fa fa-envelope-o"
          />
        </button>
        <button
          className=""
          id={1}
          name="delete-doc"
          onClick={[Function]}
        >
          Delete
           
          <i
            aria-hidden="true"
            className="fa fa-trash"
          />
        </button>
      </div>
    </div>
  </div>
  <div
    className="row"
  >
    <Pagination
      activePage={1}
      firstPageText="«"
      innerClass="pagination"
      itemsCountPerPage={8}
      lastPageText="»"
      nextPageText="⟩"
      onChange={[Function]}
      pageRangeDisplayed={5}
      prevPageText="⟨"
      totalItemsCount={9}
    />
  </div>
</div>
`;
